---
source: borsh-derive/src/internals/schema/enums/mod.rs
expression: pretty_print_syn_str(&actual).unwrap()
---
impl borsh::BorshSchema for A {
    fn declaration() -> borsh::schema::Declaration {
        format!("{}::{}", std::module_path!(), "A")
    }
    fn add_definitions_recursively(
        definitions: &mut borsh::__private::maybestd::collections::BTreeMap<
            borsh::schema::Declaration,
            borsh::schema::Definition,
        >,
    ) {
        #[allow(dead_code)]
        #[derive(borsh::BorshSchema)]
        #[borsh(crate = "borsh")]
        struct ___ABacon;
        #[allow(dead_code)]
        #[derive(borsh::BorshSchema)]
        #[borsh(crate = "borsh")]
        struct ___AEggs;
        <___ABacon as borsh::BorshSchema>::add_definitions_recursively(definitions);
        <___AEggs as borsh::BorshSchema>::add_definitions_recursively(definitions);
        let definition = borsh::schema::Definition::Enum {
            tag_width: 1,
            variants: borsh::__private::maybestd::vec![
                (u8::from(0u8) as i64, "Bacon".into(), < ___ABacon as borsh::BorshSchema
                > ::declaration()), (u8::from(1u8) as i64, "Eggs".into(), < ___AEggs as
                borsh::BorshSchema > ::declaration())
            ],
        };
        borsh::schema::add_definition(
            <Self as borsh::BorshSchema>::declaration(),
            definition,
            definitions,
        );
    }
}
