---
source: borsh/tests/test_binary_heaps.rs
expression: buf
---
[
    10,
    0,
    0,
    0,
    100,
    100,
    100,
    100,
    100,
    100,
    100,
    100,
    100,
    100,
]
