---
source: borsh/tests/test_binary_heaps.rs
expression: buf
---
[
    10,
    0,
    0,
    0,
    1,
    0,
    0,
    0,
    97,
    1,
    0,
    0,
    0,
    97,
    1,
    0,
    0,
    0,
    97,
    1,
    0,
    0,
    0,
    97,
    1,
    0,
    0,
    0,
    97,
    1,
    0,
    0,
    0,
    97,
    1,
    0,
    0,
    0,
    97,
    1,
    0,
    0,
    0,
    97,
    1,
    0,
    0,
    0,
    97,
    1,
    0,
    0,
    0,
    97,
]
