---
source: borsh/tests/test_hash_map.rs
expression: data
---
[
    0,
    0,
    0,
    0,
]
