---
source: borsh/tests/test_binary_heaps.rs
expression: buf
---
[
    1,
    0,
    0,
    0,
    1,
    0,
    0,
    0,
    97,
]
