---
source: borsh/tests/test_primitives.rs
expression: buf
---
[
    100,
    0,
    0,
    0,
    0,
    0,
    0,
    0,
]
