---
source: borsh/tests/test_vecs.rs
expression: buf
---
[
    0,
    0,
    0,
    0,
]
