---
source: borsh/tests/test_arrays.rs
expression: buf
---
[]
