---
source: borsh-derive-internal/src/attribute_helpers.rs
expression: err
---
Error(
    "malformed bound attribute, expected `bound(serialize = ..., deserialize = ..., schema = ...)`",
)
