---
source: borsh-derive-internal/src/struct_ser.rs
expression: pretty_print_syn_str(&actual).unwrap()
---
impl<K: Key, V> borsh::ser::BorshSerialize for A<K, V>
where
    V: Value,
    HashMap<K, V>: borsh::ser::BorshSerialize,
    String: borsh::ser::BorshSerialize,
{
    fn serialize<W: borsh::__private::maybestd::io::Write>(
        &self,
        writer: &mut W,
    ) -> ::core::result::Result<(), borsh::__private::maybestd::io::Error> {
        borsh::BorshSerialize::serialize(&self.x, writer)?;
        borsh::BorshSerialize::serialize(&self.y, writer)?;
        Ok(())
    }
}

