---
source: borsh-derive-internal/src/attribute_helpers.rs
expression: err
---
Error(
    "expected borsh bound attribute to be a string: `deserialize = \"...\"`",
)
