---
source: borsh-derive-internal/src/attribute_helpers.rs
expression: debug_print_bounds(schema_params)
---
T => < T as TraitName > :: Associated

