---
source: borsh-derive-internal/src/attribute_helpers.rs
expression: err
---
Error(
    "expected `:`",
)
